<html>
<body>
<pre>
<h1>µVision Build Log</h1>
<h2>Tool Versions:</h2>
IDE-Version: µVision V5.36.0.0
Copyright (C) 2021 ARM Ltd and ARM Germany GmbH. All rights reserved.
License Information: MEHMET ALÝ SALEP, salep holding, LIC=----
 
Tool Versions:
Toolchain:       MDK-Lite  Version: 5.36.0.0
Toolchain Path:  C:\Users\LENOVO\Desktop\STM32 egitimi\Keil Uvision\ARM\ARMCLANG\Bin
C Compiler:      ArmClang.exe V6.16
Assembler:       Armasm.exe V6.16
Linker/Locator:  ArmLink.exe V6.16
Library Manager: ArmAr.exe V6.16
Hex Converter:   FromElf.exe V6.16
CPU DLL:         SARMCM3.DLL V5.36.0.0
Dialog DLL:      DCM.DLL V1.17.3.0
Target DLL:      STLink\ST-LINKIII-KEIL_SWO.dll V3.0.6.0
Dialog DLL:      TCM.DLL V1.53.0.0
 
<h2>Project:</h2>
C:\Users\LENOVO\Desktop\STM32 egitimi\projeler\05_GPIO_TRAFIK_LAMBASI\traffic_lights.uvprojx
Project File Date:  09/07/2022

<h2>Output:</h2>
*** Using Compiler 'V6.16', folder: 'C:\Users\LENOVO\Desktop\STM32 egitimi\Keil Uvision\ARM\ARMCLANG\Bin'
Build target 'Target 1'
compiling main5.c...
linking...
Program Size: Code=884 RO-data=304 RW-data=0 ZI-data=1632  
FromELF: creating hex file...
".\Objects\traffic_lights.axf" - 0 Error(s), 0 Warning(s).

<h2>Software Packages used:</h2>

Package Vendor: ARM
                http://www.keil.com/pack/ARM.CMSIS.5.9.0.pack
                ARM.CMSIS.5.9.0
                CMSIS (Common Microcontroller Software Interface Standard)
   * Component: CORE Version: 5.6.0

Package Vendor: Keil
                http://www.keil.com/pack/Keil.STM32F1xx_DFP.2.4.0.pack
                Keil.STM32F1xx_DFP.2.4.0
                STMicroelectronics STM32F1 Series Device Support, Drivers and Examples
   * Component: GPIO Version: 1.3
   * Component: Startup Version: 1.0.0
   * Component: Framework Version: 3.6.0
   * Component: GPIO Version: 3.6.0
   * Component: RCC Version: 3.6.0

<h2>Collection of Component include folders:</h2>
  .\RTE\Device\STM32F100RB
  .\RTE\_Target_1
  C:\Users\LENOVO\Desktop\STM32 egitimi\Keil Uvision\ARM\CMSIS\5.9.0\CMSIS\Core\Include
  C:\Users\LENOVO\Desktop\STM32 egitimi\Keil Uvision\Keil\STM32F1xx_DFP\2.4.0\Device\Include
  C:\Users\LENOVO\Desktop\STM32 egitimi\Keil Uvision\Keil\STM32F1xx_DFP\2.4.0\Device\StdPeriph_Driver\inc
  C:\Users\LENOVO\Desktop\STM32 egitimi\Keil Uvision\Keil\STM32F1xx_DFP\2.4.0\RTE_Driver

<h2>Collection of Component Files used:</h2>

   * Component: ARM::CMSIS:CORE:5.6.0

   * Component: Keil::Device:GPIO:1.3
      Include file:  RTE_Driver\GPIO_STM32F10x.h
      Source file:   RTE_Driver\GPIO_STM32F10x.c

   * Component: Keil::Device:Startup:1.0.0
      Source file:   Device\Source\ARM\startup_stm32f10x_md_vl.s
      Source file:   Device\Source\system_stm32f10x.c
      Include file:  RTE_Driver\Config\RTE_Device.h
      Source file:   Device\Source\ARM\STM32F1xx_OPT.s

   * Component: Keil::Device:StdPeriph Drivers:Framework:3.6.0
      Source file:   Device\StdPeriph_Driver\templates\stm32f10x_conf.h
      Include file:  Device\StdPeriph_Driver\templates\stm32f10x_it.h
      Include file:  Device\StdPeriph_Driver\inc\misc.h
      Source file:   Device\StdPeriph_Driver\templates\stm32f10x_it.c
      Source file:   Device\StdPeriph_Driver\src\misc.c

   * Component: Keil::Device:StdPeriph Drivers:GPIO:3.6.0
      Source file:   Device\StdPeriph_Driver\src\stm32f10x_gpio.c
      Include file:  Device\StdPeriph_Driver\inc\stm32f10x_gpio.h

   * Component: Keil::Device:StdPeriph Drivers:RCC:3.6.0
      Include file:  Device\StdPeriph_Driver\inc\stm32f10x_rcc.h
      Source file:   Device\StdPeriph_Driver\src\stm32f10x_rcc.c
Build Time Elapsed:  00:00:01
</pre>
</body>
</html>
